2026-09-18 10:09:38,733 - data_preprocessing - DEBUG - Data loaded properly
2026-09-18 10:09:38,734 - data_preprocessing - DEBUG - Starting preprocessing for DataFrame
2026-09-18 10:09:38,745 - data_preprocessing - DEBUG - Target column encoded
2026-09-18 10:09:38,747 - data_preprocessing - DEBUG - Duplicates removed
2026-09-18 10:09:55,674 - data_preprocessing - DEBUG - Text column transformed
2026-09-18 10:09:55,674 - data_preprocessing - DEBUG - Starting preprocessing for DataFrame
2026-09-18 10:09:55,674 - data_preprocessing - DEBUG - Target column encoded
2026-09-18 10:09:55,675 - data_preprocessing - DEBUG - Duplicates removed
2026-09-18 10:10:00,082 - data_preprocessing - DEBUG - Text column transformed
2026-09-18 10:10:00,086 - data_preprocessing - DEBUG - Processed data saved to ./data/interim
2026-09-23 21:51:58,403 - data_preprocessing - DEBUG - Data loaded properly
2026-09-23 21:51:58,404 - data_preprocessing - DEBUG - Starting preprocessing for DataFrame
2026-09-23 21:51:58,416 - data_preprocessing - DEBUG - Target column encoded
2026-09-23 21:51:58,418 - data_preprocessing - DEBUG - Duplicates removed
2026-09-23 21:52:21,912 - data_preprocessing - DEBUG - Text column transformed
2026-09-23 21:52:21,912 - data_preprocessing - DEBUG - Starting preprocessing for DataFrame
2026-09-23 21:52:21,912 - data_preprocessing - DEBUG - Target column encoded
2026-09-23 21:52:21,913 - data_preprocessing - DEBUG - Duplicates removed
2026-09-23 21:52:28,089 - data_preprocessing - DEBUG - Text column transformed
2026-09-23 21:52:28,094 - data_preprocessing - DEBUG - Processed data saved to ./data/interim
